# activity log — auto-generated
2026-05-26 05:52:22 UTC | refactor: extract repeated block
2026-05-26 05:53:23 UTC | style: clean up formatting
2026-05-27 06:45:51 UTC | feat: extend log output format
2026-05-27 16:37:41 UTC | chore: routine maintenance
2026-05-27 16:38:34 UTC | feat: extend log output format
2026-05-28 17:07:09 UTC | feat: extend log output format
2026-05-28 17:08:01 UTC | fix: correct off-by-one error
2026-05-28 17:08:25 UTC | feat: add utility helper
2026-05-29 06:38:46 UTC | refactor: rename for clarity
2026-05-29 11:21:54 UTC | refactor: extract repeated block
2026-05-29 11:23:01 UTC | refactor: rename for clarity
2026-05-29 16:46:27 UTC | chore: clean up unused entries
2026-05-30 06:21:18 UTC | feat: add utility helper
2026-05-30 09:17:25 UTC | fix: patch broken validation logic
2026-05-30 09:18:12 UTC | feat: add input sanitization
2026-05-31 06:14:49 UTC | chore: clean up unused entries
2026-05-31 06:15:26 UTC | docs: add usage example
2026-05-31 10:05:36 UTC | feat: add utility helper
2026-06-01 06:56:59 UTC | style: fix indentation
2026-06-01 06:57:53 UTC | fix: handle null values properly
2026-06-01 12:38:25 UTC | fix: resolve edge case in data processing
2026-06-01 12:38:45 UTC | chore: clean up unused entries
2026-06-01 18:42:51 UTC | chore: update dependencies
2026-06-01 18:43:19 UTC | style: fix indentation
2026-06-02 06:42:47 UTC | refactor: rename for clarity
2026-06-02 06:43:48 UTC | docs: update notes
2026-06-02 11:54:54 UTC | docs: update notes
2026-06-02 11:55:48 UTC | docs: update notes
2026-06-02 17:26:45 UTC | feat: improve error handling
2026-06-02 17:27:11 UTC | chore: update dependencies
2026-06-02 17:27:41 UTC | fix: correct off-by-one error
2026-06-03 11:57:08 UTC | refactor: extract repeated block
2026-06-03 18:04:02 UTC | refactor: extract repeated block
2026-06-03 18:04:12 UTC | style: clean up formatting
2026-06-03 18:05:14 UTC | feat: extend log output format
2026-06-04 07:04:40 UTC | fix(utils): patch broken validation
2026-06-04 07:07:53 UTC | chore(router): clean up unused code
2026-06-04 09:07:16 UTC | style(handler): fix indentation issues
2026-06-04 10:28:28 UTC | docs(api): add param descriptions
2026-06-04 11:51:22 UTC | perf(validator): reduce memory usage
2026-06-04 13:17:10 UTC | fix(cache): handle null values
2026-06-04 13:18:09 UTC | minor fix
2026-06-04 21:50:01 UTC | tidy up
2026-06-05 04:25:02 UTC | patch
2026-06-05 06:50:59 UTC | refactor(validator): update interface contract
2026-06-05 06:52:52 UTC | minor tweaks
2026-06-05 08:26:02 UTC | clean up
2026-06-05 08:27:41 UTC | refactor(api): update interface contract
2026-06-05 08:28:34 UTC | docs(api): add param descriptions
2026-06-05 10:23:38 UTC | chore(router): update default values
2026-06-05 10:28:46 UTC | docs(parser): add usage example
2026-06-05 11:35:12 UTC | fix(logger): add missing guard clause
2026-06-05 14:41:08 UTC | chore(handler): update default values
2026-06-05 14:41:38 UTC | fixes
2026-06-05 14:42:15 UTC | test(auth): improve test coverage
2026-06-05 14:42:43 UTC | docs(logger): add param descriptions
2026-06-05 14:44:14 UTC | patch
2026-06-05 18:06:27 UTC | docs(parser): update documentation
2026-06-05 18:10:15 UTC | test(utils): add edge case tests
2026-06-05 19:52:20 UTC | style(auth): improve readability
2026-06-05 19:53:28 UTC | docs(handler): clarify function purpose
2026-06-05 19:56:45 UTC | docs(utils): update inline notes
2026-06-05 23:24:08 UTC | style(cache): fix indentation issues
2026-06-06 15:20:28 UTC | tweaks
2026-06-06 19:15:32 UTC | test(handler): fix flaky test
2026-06-06 21:19:53 UTC | style(db): normalize spacing
2026-06-07 10:45:09 UTC | chore(logger): update dependencies
2026-06-08 06:51:25 UTC | perf(validator): lazy load module
2026-06-08 11:18:31 UTC | tweaks
2026-06-08 11:19:54 UTC | test(auth): update test fixtures
2026-06-08 13:05:36 UTC | feat(router): add type annotations
2026-06-08 13:07:05 UTC | test(validator): add edge case tests
2026-06-08 17:36:09 UTC | chore(api): update dependencies
2026-06-08 17:36:50 UTC | update notes
2026-06-08 22:32:42 UTC | minor tweaks
2026-06-08 23:24:14 UTC | fix(cache): add missing guard clause
2026-06-09 06:38:39 UTC | update config
2026-06-09 09:51:02 UTC | minor update
2026-06-09 09:51:19 UTC | update notes
2026-06-09 09:54:06 UTC | update notes
2026-06-09 13:11:30 UTC | test(router): improve test coverage
2026-06-10 06:21:58 UTC | fix typo
2026-06-10 06:24:10 UTC | updates
2026-06-10 10:38:10 UTC | update notes
2026-06-10 10:40:52 UTC | updates
2026-06-10 23:33:51 UTC | small fix
2026-06-11 04:14:50 UTC | perf(cache): reduce memory usage
2026-06-11 04:16:06 UTC | tweaks
2026-06-11 08:51:56 UTC | chore(router): update default values
2026-06-11 22:17:05 UTC | patch
2026-06-11 22:17:21 UTC | style(handler): clean up formatting
2026-06-11 23:19:15 UTC | feat(logger): add new endpoint
2026-06-12 04:33:14 UTC | small fix
2026-06-12 05:27:10 UTC | refactor(config): simplify conditional logic
2026-06-12 06:58:30 UTC | fix(handler): fix broken flow
2026-06-12 08:52:38 UTC | fixes
2026-06-12 22:08:19 UTC | update
2026-06-12 22:11:41 UTC | fix typo
2026-06-12 23:39:32 UTC | fix(utils): resolve edge case
2026-06-12 23:40:04 UTC | minor update
2026-06-12 23:40:49 UTC | small update
2026-06-13 09:41:04 UTC | docs(handler): add usage example
2026-06-13 10:46:35 UTC | hotfix
2026-06-13 21:10:11 UTC | test(api): add edge case tests
2026-06-14 17:29:07 UTC | tidy up
2026-06-14 17:29:24 UTC | chore(api): routine maintenance
2026-06-15 04:30:46 UTC | minor fix
2026-06-15 06:15:26 UTC | chore(logger): clean up unused imports
2026-06-15 07:33:22 UTC | small update
2026-06-15 07:35:00 UTC | perf(utils): improve response time
2026-06-15 12:55:59 UTC | perf(validator): trim unnecessary dependencies
2026-06-15 12:56:55 UTC | style(handler): remove trailing whitespace
2026-06-15 20:03:40 UTC | fix(config): fix incorrect regex
2026-06-15 20:04:55 UTC | clean up
2026-06-16 00:06:41 UTC | tidy up
2026-06-16 07:23:39 UTC | wip
2026-06-16 15:50:20 UTC | feat(logger): add retry logic
2026-06-16 15:52:40 UTC | test(ui): improve test coverage
2026-06-16 20:04:15 UTC | docs(auth): update documentation
2026-06-17 04:06:46 UTC | test(utils): improve test coverage
2026-06-17 06:11:07 UTC | chore(utils): remove dead code
2026-06-17 09:46:54 UTC | docs(config): add usage example
2026-06-17 12:19:40 UTC | fix(router): add missing return
2026-06-17 12:20:15 UTC | refactor(db): update interface contract
2026-06-17 13:51:39 UTC | perf(validator): improve response time
2026-06-17 13:52:04 UTC | minor fix
2026-06-18 09:18:44 UTC | tweaks
2026-06-18 10:46:25 UTC | chore(auth): clean up unused code
2026-06-18 11:55:18 UTC | feat(parser): extend output format
2026-06-18 18:23:49 UTC | perf(handler): improve response time
2026-06-18 23:32:26 UTC | feat(db): add new endpoint
2026-06-18 23:33:24 UTC | small fix
2026-06-18 23:35:17 UTC | fix(logger): patch broken validation
2026-06-19 04:27:46 UTC | quick fix
2026-06-19 04:29:10 UTC | clean up
2026-06-23 00:49:05 UTC | quick fix
2026-06-23 06:40:51 UTC | minor update
2026-06-23 06:41:56 UTC | chore(parser): update default values
2026-06-23 06:43:34 UTC | fix(validator): resolve edge case
2026-06-23 18:11:26 UTC | docs(utils): clarify function purpose
2026-06-23 23:26:32 UTC | refactor(logger): refactor nested conditions
2026-06-24 04:12:43 UTC | refactor(api): simplify conditional logic
2026-06-24 04:13:51 UTC | refactor(auth): extract repeated block
2026-06-24 04:14:38 UTC | update config
2026-06-24 06:40:59 UTC | small update
2026-06-24 12:37:33 UTC | docs(handler): add usage example
2026-06-24 16:50:09 UTC | quick fix
2026-06-24 16:52:17 UTC | feat(router): extend functionality
2026-06-24 16:53:17 UTC | chore(auth): routine maintenance
2026-06-25 03:33:18 UTC | fix typo
2026-06-25 03:34:31 UTC | updates
2026-06-25 08:30:21 UTC | small fix
2026-06-25 10:04:01 UTC | test(router): add missing assertions
2026-06-25 16:57:40 UTC | test(utils): add edge case tests
2026-06-25 16:59:30 UTC | chore(cache): update dependencies
2026-06-25 23:47:41 UTC | refactor(db): consolidate duplicate logic
2026-06-26 03:46:23 UTC | small fix
2026-06-26 06:31:14 UTC | docs(api): add usage example
2026-06-26 06:33:36 UTC | style(validator): normalize spacing
2026-06-26 08:10:49 UTC | docs(api): add usage example
2026-06-26 10:05:57 UTC | update notes
2026-06-26 11:39:46 UTC | wip
2026-06-26 14:40:50 UTC | update config
2026-06-26 14:47:20 UTC | test(utils): update test fixtures
2026-06-26 21:28:35 UTC | docs(logger): clarify function purpose
2026-06-28 08:12:37 UTC | fix typo
2026-06-29 04:05:38 UTC | tidy up
2026-06-29 05:22:59 UTC | refactor(auth): extract helper function
2026-06-29 09:15:34 UTC | update notes
2026-06-29 09:17:46 UTC | perf(validator): lazy load module
2026-06-29 09:20:40 UTC | update config
2026-06-29 11:10:31 UTC | tweaks
2026-06-29 17:16:12 UTC | small update
2026-06-30 06:40:46 UTC | feat(parser): add type annotations
2026-06-30 06:41:49 UTC | feat(auth): add input sanitization
2026-06-30 10:03:11 UTC | fix(ui): fix broken flow
2026-06-30 12:39:50 UTC | refactor(ui): refactor nested conditions
2026-06-30 14:16:51 UTC | test(logger): add integration test
2026-06-30 19:56:25 UTC | chore(logger): update dependencies
2026-06-30 19:59:24 UTC | clean up
2026-06-30 22:06:45 UTC | hotfix
2026-06-30 22:07:49 UTC | quick fix
2026-07-01 04:25:34 UTC | fix(validator): fix race condition
2026-07-01 08:47:52 UTC | chore(config): clean up unused code
2026-07-01 09:55:21 UTC | refactor(db): refactor nested conditions
2026-07-01 09:59:09 UTC | test(utils): add integration test
2026-07-01 12:58:41 UTC | perf(router): trim unnecessary dependencies
2026-07-01 19:41:06 UTC | chore(utils): routine maintenance
2026-07-01 19:42:19 UTC | update config
2026-07-01 19:42:53 UTC | perf(cache): cache repeated calls
2026-07-02 06:35:38 UTC | chore(cache): routine maintenance
2026-07-02 06:39:13 UTC | minor fix
2026-07-02 09:13:54 UTC | hotfix
2026-07-02 14:06:07 UTC | chore(auth): update default values
2026-07-02 17:45:27 UTC | chore(db): update dependencies
2026-07-03 03:22:49 UTC | update notes
2026-07-03 03:30:14 UTC | test(config): add missing assertions
2026-07-03 08:00:16 UTC | fix typo
2026-07-03 08:02:03 UTC | fix(handler): fix incorrect regex
2026-07-03 08:02:46 UTC | tidy up
2026-07-03 09:51:42 UTC | minor update
2026-07-03 09:53:18 UTC | minor update
2026-07-03 09:54:43 UTC | refactor(handler): update interface contract
2026-07-03 12:27:45 UTC | feat(db): extend functionality
2026-07-03 12:28:06 UTC | feat(router): extend functionality
2026-07-03 19:41:04 UTC | docs(handler): update documentation
2026-07-03 19:45:24 UTC | test(parser): update test fixtures
2026-07-03 23:33:14 UTC | chore(config): routine maintenance
2026-07-03 23:34:41 UTC | perf(config): trim unnecessary dependencies
2026-07-03 23:35:06 UTC | small fix
2026-07-03 23:36:29 UTC | chore(router): update default values
2026-07-03 23:37:47 UTC | fix(cache): fix race condition
2026-07-06 05:03:06 UTC | refactor(router): consolidate duplicate logic
2026-07-06 06:52:30 UTC | minor update
2026-07-06 11:00:13 UTC | clean up
2026-07-06 12:49:55 UTC | refactor(logger): refactor nested conditions
2026-07-06 23:19:30 UTC | perf(ui): lazy load module
2026-07-07 06:17:12 UTC | quick fix
2026-07-07 06:17:47 UTC | style(cache): fix indentation issues
2026-07-07 13:08:37 UTC | feat(logger): add type annotations
2026-07-07 18:11:19 UTC | quick fix
2026-07-07 18:12:07 UTC | test(logger): improve test coverage
2026-07-07 18:12:53 UTC | perf(db): trim unnecessary dependencies
2026-07-08 03:12:00 UTC | minor changes
2026-07-08 03:13:28 UTC | docs(validator): add usage example
2026-07-08 03:14:24 UTC | fix(parser): add missing guard clause
2026-07-08 06:43:46 UTC | chore(utils): update dependencies
2026-07-08 10:38:48 UTC | small fix
2026-07-08 16:10:19 UTC | patch
2026-07-08 17:57:43 UTC | minor tweaks
2026-07-08 21:01:01 UTC | style(db): remove trailing whitespace
2026-07-09 03:33:39 UTC | small update
2026-07-09 03:36:20 UTC | refactor(parser): update interface contract
2026-07-09 03:36:37 UTC | perf(parser): optimize query performance
2026-07-09 06:06:30 UTC | small update
2026-07-09 20:04:28 UTC | style(router): clean up formatting
2026-07-10 03:05:26 UTC | chore(auth): remove redundant check
2026-07-10 03:06:40 UTC | quick fix
2026-07-10 03:07:34 UTC | update notes
2026-07-10 03:09:53 UTC | tweaks
2026-07-10 04:44:18 UTC | feat(handler): add input validation
2026-07-10 05:56:45 UTC | clean up
2026-07-10 10:07:48 UTC | style(parser): improve readability
2026-07-10 10:58:17 UTC | style(handler): clean up formatting
2026-07-10 14:27:56 UTC | update notes
2026-07-11 02:58:08 UTC | minor update
2026-07-11 05:41:41 UTC | refactor(utils): rename variable for clarity
2026-07-11 06:34:25 UTC | small update
2026-07-13 03:10:41 UTC | perf(cache): trim unnecessary dependencies
2026-07-13 07:02:52 UTC | minor update
2026-07-14 02:54:51 UTC | refactor(auth): consolidate duplicate logic
2026-07-14 13:43:08 UTC | patch
2026-07-14 13:43:24 UTC | fixes
2026-07-15 02:24:39 UTC | test(handler): improve test coverage
2026-07-15 02:29:09 UTC | perf(utils): cache repeated calls
2026-07-15 06:49:00 UTC | fix(validator): correct off-by-one error
2026-07-15 19:12:47 UTC | chore(handler): remove dead code
2026-07-16 02:56:05 UTC | chore(auth): update dependencies
2026-07-16 05:34:41 UTC | fix(utils): resolve edge case
2026-07-16 06:31:26 UTC | small update
2026-07-16 08:25:52 UTC | chore(router): routine maintenance
2026-07-16 08:26:15 UTC | chore(api): update dependencies
2026-07-16 23:28:26 UTC | style(db): normalize spacing
2026-07-17 03:55:31 UTC | fix(api): fix off-by-one
2026-07-17 06:38:41 UTC | perf(config): cache repeated calls
2026-07-17 08:18:54 UTC | updates
2026-07-17 08:21:51 UTC | chore(api): routine maintenance
2026-07-17 13:36:36 UTC | feat(router): add new endpoint
2026-07-17 13:39:37 UTC | updates
2026-07-17 13:43:02 UTC | docs(auth): update inline notes
2026-07-17 17:49:33 UTC | feat(auth): add new endpoint
2026-07-18 02:54:30 UTC | fix(parser): fix broken flow
2026-07-18 08:14:41 UTC | small fix
2026-07-18 08:17:24 UTC | feat(api): add retry logic
2026-07-18 09:35:58 UTC | fix(api): handle null values
2026-07-18 11:18:29 UTC | style(handler): clean up formatting
2026-07-19 03:03:15 UTC | update notes
2026-07-20 02:53:44 UTC | quick fix
2026-07-20 06:59:35 UTC | chore(cache): clean up unused code
2026-07-20 09:01:25 UTC | small update
2026-07-20 09:02:38 UTC | wip
2026-07-20 12:22:21 UTC | test(router): add edge case tests
2026-07-20 12:24:29 UTC | test(validator): add integration test
2026-07-20 17:50:31 UTC | style(cache): remove trailing whitespace
2026-07-20 17:50:58 UTC | perf(ui): trim unnecessary dependencies
2026-07-20 20:08:08 UTC | fix(handler): handle null values
2026-07-20 20:12:05 UTC | tweaks
2026-07-20 21:13:35 UTC | small fix
2026-07-20 21:15:36 UTC | refactor(db): simplify conditional logic
2026-07-21 03:08:56 UTC | patch
2026-07-21 05:16:50 UTC | fix(auth): add missing return
2026-07-21 05:17:18 UTC | minor tweaks
2026-07-21 05:17:45 UTC | update notes
2026-07-21 08:46:32 UTC | docs(db): update inline notes
2026-07-21 08:48:01 UTC | small update
2026-07-21 13:55:07 UTC | style(auth): consistent quotes
2026-07-21 21:37:18 UTC | clean up
2026-07-21 21:41:52 UTC | chore(cache): update dependencies
2026-07-22 10:52:55 UTC | test(validator): update test fixtures
2026-07-22 15:58:36 UTC | minor fix
2026-07-23 03:11:36 UTC | feat(handler): extend output format
2026-07-23 06:56:33 UTC | test(logger): improve test coverage
2026-07-23 08:32:54 UTC | test(logger): add missing assertions
2026-07-23 16:06:20 UTC | refactor(parser): extract repeated block
2026-07-23 22:50:23 UTC | refactor(cache): extract repeated block
2026-07-24 03:08:35 UTC | docs(parser): add usage example
2026-07-24 04:08:52 UTC | chore(auth): clean up unused imports
2026-07-24 05:55:28 UTC | update
2026-07-24 05:58:50 UTC | tweaks
2026-07-24 06:26:10 UTC | test(api): improve test coverage
2026-07-24 06:30:13 UTC | cleanup
2026-07-24 06:31:52 UTC | docs(config): update inline notes
2026-07-24 06:32:33 UTC | style(db): normalize spacing
2026-07-24 08:27:49 UTC | patch
2026-07-24 08:33:21 UTC | chore(cache): routine maintenance
2026-07-24 11:56:24 UTC | fixes
2026-07-24 11:57:37 UTC | minor fix
2026-07-24 12:00:01 UTC | style(api): normalize spacing
2026-07-24 16:04:00 UTC | minor update
2026-07-24 16:04:56 UTC | tidy up
2026-07-24 19:27:21 UTC | patch
2026-07-25 05:09:57 UTC | hotfix
2026-07-25 05:11:16 UTC | chore(db): remove redundant check
2026-07-26 11:23:46 UTC | patch
2026-07-27 03:05:04 UTC | minor changes
2026-07-27 04:30:44 UTC | chore(api): update dependencies
2026-07-27 06:06:56 UTC | fix(logger): correct off-by-one error
2026-07-27 06:08:24 UTC | fix(validator): add missing return
2026-07-28 05:27:56 UTC | refactor(validator): consolidate duplicate logic
2026-07-28 05:28:33 UTC | docs(api): add usage example
2026-07-28 09:05:52 UTC | docs(cache): update inline notes
2026-07-28 09:06:26 UTC | perf(parser): optimize query performance
2026-07-28 11:15:05 UTC | chore(router): update dependencies
2026-07-28 11:16:47 UTC | feat(config): add type annotations
2026-07-28 11:18:00 UTC | perf(api): lazy load module
2026-07-28 16:41:40 UTC | minor changes
2026-07-28 16:45:35 UTC | chore(api): update default values
2026-07-28 21:32:19 UTC | feat(ui): add type annotations
2026-07-29 08:49:12 UTC | quick fix
2026-07-29 10:50:12 UTC | docs(config): add param descriptions
2026-07-29 14:24:07 UTC | update
2026-07-29 14:25:40 UTC | chore(handler): routine maintenance
2026-07-29 14:26:03 UTC | docs(config): add usage example
2026-07-30 02:43:41 UTC | minor update
2026-07-30 06:41:14 UTC | updates
2026-07-31 02:46:45 UTC | refactor(router): extract repeated block
2026-07-31 02:47:19 UTC | docs(auth): add usage example
2026-07-31 02:53:09 UTC | docs(validator): update documentation
2026-07-31 04:17:04 UTC | chore(logger): clean up unused imports
2026-07-31 05:28:57 UTC | refactor(config): rename variable for clarity
2026-07-31 05:32:48 UTC | chore(api): update default values
2026-07-31 05:34:35 UTC | docs(utils): update inline notes
2026-07-31 07:11:38 UTC | style(parser): clean up formatting
2026-07-31 07:11:53 UTC | style(ui): improve readability
2026-07-31 09:16:20 UTC | quick fix
2026-07-31 09:16:37 UTC | update config
2026-07-31 11:22:28 UTC | feat(config): add retry logic
2026-07-31 12:35:18 UTC | test(auth): add edge case tests
2026-07-31 13:41:54 UTC | wip
2026-07-31 13:43:25 UTC | clean up
2026-07-31 13:45:40 UTC | hotfix
2026-07-31 13:46:48 UTC | test(validator): add edge case tests
2026-07-31 16:18:57 UTC | style(logger): improve readability
2026-07-31 16:19:41 UTC | style(auth): fix indentation issues
2026-07-31 17:29:45 UTC | docs(api): add param descriptions
2026-08-01 08:57:04 UTC | quick fix
2026-08-02 02:49:59 UTC | cleanup
2026-08-02 02:51:06 UTC | tweaks
2026-08-02 06:36:05 UTC | fix(ui): add missing return
2026-08-02 09:02:11 UTC | fix typo
2026-08-03 04:23:29 UTC | chore(utils): clean up unused imports
2026-08-03 10:13:30 UTC | docs(utils): add param descriptions
2026-08-03 10:14:56 UTC | style(router): consistent quotes
2026-08-03 14:20:14 UTC | update config
2026-08-03 14:20:51 UTC | perf(config): cache repeated calls
2026-08-04 11:03:03 UTC | style(handler): improve readability
2026-08-04 11:05:19 UTC | fix(api): fix race condition
2026-08-04 17:56:22 UTC | refactor(db): consolidate duplicate logic
2026-08-04 19:39:18 UTC | docs(cache): add param descriptions
2026-08-05 05:32:21 UTC | test(auth): fix flaky test
2026-08-05 06:41:20 UTC | tweaks
2026-08-05 17:31:26 UTC | fix(cache): add missing return
2026-08-05 17:32:40 UTC | minor tweaks
2026-08-06 06:57:28 UTC | refactor(parser): update interface contract
2026-08-06 09:13:00 UTC | feat(db): add new endpoint
2026-08-06 14:06:33 UTC | cleanup
2026-08-06 14:07:09 UTC | chore(parser): remove redundant check
2026-08-07 01:21:06 UTC | refactor(ui): simplify conditional logic
2026-08-07 02:47:47 UTC | minor changes
2026-08-07 02:48:43 UTC | patch
2026-08-07 02:50:11 UTC | fixes
2026-08-07 02:50:37 UTC | feat(config): add type annotations
2026-08-07 02:52:19 UTC | style(validator): normalize spacing
2026-08-07 03:43:51 UTC | feat(config): extend output options
2026-08-07 05:04:24 UTC | update
2026-08-07 05:54:02 UTC | cleanup
2026-08-07 05:55:21 UTC | minor fix
2026-08-07 05:56:15 UTC | perf(parser): trim unnecessary dependencies
2026-08-07 05:56:53 UTC | cleanup
2026-08-07 09:34:42 UTC | test(router): fix flaky test
2026-08-07 11:06:35 UTC | chore(config): update dependencies
2026-08-07 11:07:27 UTC | chore(utils): remove redundant check
2026-08-07 13:20:24 UTC | perf(cache): trim unnecessary dependencies
2026-08-07 13:22:58 UTC | update notes
2026-08-07 15:10:01 UTC | docs(parser): add param descriptions
2026-08-07 17:36:56 UTC | minor fix
2026-08-07 20:44:28 UTC | docs(config): update documentation
2026-08-07 20:46:48 UTC | quick fix
2026-08-08 10:28:54 UTC | fix(ui): handle null values
2026-08-10 05:48:09 UTC | test(router): add missing assertions
2026-08-10 08:15:03 UTC | chore(utils): remove dead code
2026-08-10 08:15:42 UTC | update
2026-08-11 03:59:12 UTC | tidy up
2026-08-11 07:18:27 UTC | update notes
2026-08-11 09:36:14 UTC | minor tweaks
2026-08-11 12:52:10 UTC | fix(router): handle null values
2026-08-12 15:24:43 UTC | style(ui): clean up formatting
2026-08-13 01:54:45 UTC | update notes
2026-08-13 01:57:21 UTC | style(cache): fix indentation issues
2026-08-13 04:29:12 UTC | fix typo
2026-08-13 06:24:38 UTC | feat(router): add type annotations
2026-08-13 06:26:06 UTC | minor tweaks
2026-08-13 12:48:20 UTC | update config
2026-08-13 12:49:31 UTC | perf(logger): improve response time
2026-08-13 15:11:20 UTC | fix typo
2026-08-13 15:13:50 UTC | small update
2026-08-14 01:50:49 UTC | clean up
2026-08-14 01:53:39 UTC | refactor(ui): consolidate duplicate logic
2026-08-14 03:20:22 UTC | feat(parser): extend output options
2026-08-14 05:48:13 UTC | updates
2026-08-14 05:50:06 UTC | docs(auth): clarify function purpose
2026-08-14 05:51:05 UTC | small update
2026-08-14 07:36:52 UTC | hotfix
2026-08-14 09:16:54 UTC | minor fix
2026-08-14 09:18:38 UTC | minor update
2026-08-14 11:23:11 UTC | test(ui): add edge case tests
2026-08-14 11:29:27 UTC | feat(parser): add type annotations
2026-08-14 13:09:52 UTC | small fix
2026-08-14 18:45:16 UTC | minor fix
2026-08-14 18:47:22 UTC | docs(auth): update inline notes
2026-08-16 01:56:04 UTC | hotfix
2026-08-17 02:56:46 UTC | test(ui): update test fixtures
2026-08-17 02:57:02 UTC | docs(ui): clarify function purpose
2026-08-17 02:57:34 UTC | minor update
2026-08-17 07:16:51 UTC | cleanup
2026-08-17 09:25:08 UTC | test(router): add integration test
2026-08-17 10:57:54 UTC | minor changes
2026-08-18 01:32:03 UTC | test(parser): add integration test
2026-08-18 04:46:43 UTC | test(validator): add edge case tests
2026-08-18 04:49:25 UTC | cleanup
2026-08-18 07:04:03 UTC | tweaks
2026-08-18 07:07:28 UTC | update
2026-08-18 08:41:53 UTC | chore(logger): update default values
2026-08-18 11:03:15 UTC | update notes
2026-08-18 11:04:41 UTC | small update
2026-08-19 01:23:34 UTC | style(utils): clean up formatting
2026-08-19 02:57:09 UTC | chore(parser): clean up unused code
2026-08-19 03:00:03 UTC | style(db): improve readability
2026-08-19 07:02:56 UTC | minor fix
2026-08-19 11:05:32 UTC | test(utils): add edge case tests
2026-08-19 11:07:20 UTC | update notes
2026-08-19 14:59:46 UTC | test(utils): fix flaky test
2026-08-20 07:17:36 UTC | fix(handler): patch broken validation
2026-08-20 09:09:43 UTC | update
2026-08-20 10:43:20 UTC | refactor(auth): extract repeated block
2026-08-20 20:53:48 UTC | feat(router): add retry logic
2026-08-20 20:55:28 UTC | fix typo
2026-08-21 01:44:40 UTC | update config
2026-08-21 01:47:42 UTC | small fix
2026-08-21 03:02:11 UTC | docs(config): add param descriptions
2026-08-21 03:05:19 UTC | small fix
2026-08-21 05:02:49 UTC | hotfix
2026-08-21 07:04:52 UTC | style(logger): remove trailing whitespace
2026-08-21 09:21:52 UTC | style(config): improve readability
2026-08-21 09:27:38 UTC | fix typo
2026-08-21 10:34:42 UTC | minor fix
2026-08-23 09:01:38 UTC | small update
2026-08-23 10:34:49 UTC | clean up
2026-08-23 10:36:01 UTC | fixes
2026-08-24 01:22:32 UTC | test(router): add edge case tests
2026-08-24 01:26:41 UTC | perf(validator): improve response time
2026-08-24 02:16:55 UTC | feat(validator): extend output options
2026-08-24 03:27:44 UTC | refactor(handler): simplify conditional logic
2026-08-24 03:29:21 UTC | chore(parser): remove dead code
2026-08-25 01:15:56 UTC | docs(logger): update documentation
2026-08-25 01:18:43 UTC | update
2026-08-25 03:25:10 UTC | minor update
2026-08-25 05:14:17 UTC | update notes
2026-08-25 05:14:41 UTC | tidy up
2026-08-25 05:16:23 UTC | fix(router): fix incorrect regex
2026-08-25 08:53:48 UTC | chore(auth): clean up unused code
2026-08-25 10:58:58 UTC | fix(handler): fix race condition
2026-08-25 22:35:20 UTC | style(logger): consistent quotes
2026-08-25 22:35:54 UTC | fix(auth): fix broken flow
2026-08-26 01:40:40 UTC | wip
2026-08-26 03:25:44 UTC | docs(auth): add param descriptions
2026-08-26 10:55:04 UTC | test(config): fix flaky test
2026-08-26 10:56:41 UTC | minor fix
2026-08-27 07:41:42 UTC | feat(cache): add new endpoint
2026-08-27 07:43:45 UTC | style(db): remove trailing whitespace
2026-08-28 01:16:38 UTC | style(cache): remove trailing whitespace
2026-08-28 02:08:57 UTC | feat(utils): extend output format
2026-08-28 04:37:23 UTC | test(db): add missing assertions
2026-08-28 06:25:48 UTC | test(router): add integration test
2026-08-28 06:29:17 UTC | style(db): normalize spacing
2026-08-28 10:04:14 UTC | patch
2026-08-28 10:05:22 UTC | test(validator): add missing assertions
2026-08-28 10:07:00 UTC | perf(cache): lazy load module
2026-08-28 16:08:04 UTC | feat(router): add type annotations
2026-08-28 21:58:38 UTC | chore(validator): routine maintenance
2026-08-28 22:00:48 UTC | chore(ui): clean up unused code
2026-08-28 22:02:46 UTC | perf(cache): reduce memory usage
2026-08-29 00:01:36 UTC | test(db): add missing assertions
2026-08-29 03:16:28 UTC | update
2026-08-29 03:31:19 UTC | minor tweaks
2026-08-29 06:26:21 UTC | quick fix
2026-08-29 06:27:06 UTC | chore(db): update default values
2026-08-29 19:40:32 UTC | test(auth): add integration test
2026-08-31 00:47:40 UTC | fix typo
2026-08-31 08:22:22 UTC | perf(logger): cache repeated calls
2026-08-31 08:25:14 UTC | test(config): improve test coverage
2026-08-31 08:25:39 UTC | perf(utils): lazy load module
2026-08-31 11:23:02 UTC | clean up
2026-08-31 13:24:56 UTC | update notes
2026-08-31 18:01:02 UTC | feat(validator): extend output format
2026-09-01 01:19:55 UTC | refactor(validator): refactor nested conditions
2026-09-01 09:32:02 UTC | updates
2026-09-01 11:38:52 UTC | refactor(auth): simplify conditional logic
2026-09-01 15:55:30 UTC | test(parser): add integration test
2026-09-01 15:58:04 UTC | test(config): improve test coverage
2026-09-01 18:14:22 UTC | test(config): add integration test
2026-09-02 03:48:33 UTC | chore(handler): remove dead code
2026-09-02 05:27:54 UTC | refactor(cache): consolidate duplicate logic
2026-09-02 22:40:51 UTC | perf(validator): improve response time
2026-09-02 22:42:29 UTC | feat(auth): extend functionality
2026-09-03 06:47:33 UTC | update
2026-09-03 11:22:43 UTC | style(validator): consistent quotes
2026-09-03 13:07:10 UTC | small fix
2026-09-03 13:10:15 UTC | refactor(parser): refactor nested conditions
2026-09-04 03:48:26 UTC | fixes
2026-09-04 03:51:16 UTC | quick fix
2026-09-04 05:17:38 UTC | refactor(api): simplify conditional logic
2026-09-04 07:12:41 UTC | refactor(ui): consolidate duplicate logic
2026-09-04 08:38:34 UTC | feat(auth): add type annotations
2026-09-04 11:14:07 UTC | style(api): remove trailing whitespace
2026-09-04 11:14:39 UTC | cleanup
2026-09-04 11:15:42 UTC | update
2026-09-04 14:17:17 UTC | fix typo
2026-09-04 14:17:52 UTC | update
2026-09-04 15:20:32 UTC | refactor(handler): consolidate duplicate logic
2026-09-04 15:28:03 UTC | update config
2026-09-04 19:27:00 UTC | feat(parser): add retry logic
2026-09-04 19:27:32 UTC | feat(ui): add new endpoint
2026-09-05 06:41:15 UTC | small fix
2026-09-07 03:45:47 UTC | refactor(validator): update interface contract
2026-09-07 06:52:41 UTC | quick fix
2026-09-07 15:41:10 UTC | perf(utils): lazy load module
2026-09-07 23:02:54 UTC | small fix
2026-09-07 23:04:00 UTC | refactor(ui): simplify conditional logic
2026-09-08 07:16:08 UTC | minor tweaks
2026-09-08 07:17:23 UTC | minor tweaks
2026-09-08 09:14:57 UTC | test(handler): improve test coverage
2026-09-08 09:17:11 UTC | refactor(handler): simplify conditional logic
2026-09-08 09:17:30 UTC | patch
2026-09-08 11:06:30 UTC | hotfix
2026-09-08 14:13:39 UTC | fix(utils): resolve edge case
2026-09-08 19:40:40 UTC | chore(api): clean up unused code
2026-09-08 19:42:11 UTC | style(utils): fix indentation issues
2026-09-09 07:08:50 UTC | style(router): remove trailing whitespace
2026-09-09 08:52:14 UTC | quick fix
2026-09-09 11:22:28 UTC | tidy up
2026-09-09 11:22:46 UTC | tidy up
2026-09-09 13:30:21 UTC | docs(handler): update documentation
2026-09-09 15:57:12 UTC | perf(ui): reduce memory usage
2026-09-09 19:05:00 UTC | perf(config): optimize query performance
2026-09-10 03:21:44 UTC | update
2026-09-10 03:22:29 UTC | quick fix
2026-09-10 07:16:08 UTC | fix typo
2026-09-10 08:49:06 UTC | fix(logger): fix race condition
2026-09-10 13:27:04 UTC | fixes
2026-09-11 00:02:22 UTC | fix typo
2026-09-11 03:48:22 UTC | patch
2026-09-11 03:52:06 UTC | docs(auth): update inline notes
2026-09-11 05:29:05 UTC | feat(validator): add retry logic
2026-09-11 07:20:00 UTC | wip
