2026-06-04 01:49:56 UTC | tweaks
2026-06-04 01:50:30 UTC | style(logger): improve readability
2026-06-04 01:51:06 UTC | feat(ui): extend output format
2026-06-04 09:09:08 UTC | docs(ui): update documentation
2026-06-04 21:50:32 UTC | minor update
2026-06-04 21:54:03 UTC | feat(validator): add type annotations
2026-06-05 06:51:46 UTC | tidy up
2026-06-05 06:52:11 UTC | fix(api): resolve edge case
2026-06-05 11:38:13 UTC | update config
2026-06-05 11:40:37 UTC | wip
2026-06-05 12:51:14 UTC | minor update
2026-06-05 12:53:20 UTC | perf(parser): lazy load module
2026-06-05 18:07:11 UTC | updates
2026-06-05 19:51:52 UTC | perf(validator): trim unnecessary dependencies
2026-06-05 19:56:21 UTC | update notes
2026-06-05 19:57:20 UTC | refactor(router): simplify conditional logic
2026-06-05 23:24:54 UTC | chore(ui): clean up unused code
2026-06-05 23:27:35 UTC | chore(parser): remove redundant check
2026-06-06 07:27:04 UTC | chore(auth): remove dead code
2026-06-06 09:15:17 UTC | docs(api): update documentation
2026-06-06 09:15:54 UTC | feat(auth): extend output format
2026-06-06 10:48:13 UTC | docs(validator): add param descriptions
2026-06-06 21:21:29 UTC | perf(cache): reduce memory usage
2026-06-07 04:31:59 UTC | perf(parser): reduce memory usage
2026-06-07 09:22:00 UTC | test(handler): fix flaky test
2026-06-08 04:01:03 UTC | updates
2026-06-08 06:51:05 UTC | updates
2026-06-08 09:00:47 UTC | docs(api): clarify function purpose
2026-06-08 11:15:57 UTC | minor update
2026-06-08 11:17:19 UTC | feat(cache): add retry logic
2026-06-08 17:35:31 UTC | feat(api): extend output format
2026-06-08 22:30:54 UTC | cleanup
2026-06-09 13:09:37 UTC | feat(ui): add new endpoint
2026-06-10 10:37:36 UTC | feat(utils): add retry logic
2026-06-10 10:39:21 UTC | refactor(logger): consolidate duplicate logic
2026-06-10 13:05:43 UTC | fix(db): add missing guard clause
2026-06-10 22:36:50 UTC | test(db): fix flaky test
2026-06-10 23:34:59 UTC | chore(cache): remove redundant check
2026-06-11 04:12:10 UTC | refactor(utils): consolidate duplicate logic
2026-06-11 04:13:17 UTC | test(validator): add edge case tests
2026-06-11 04:17:27 UTC | clean up
2026-06-11 07:05:28 UTC | feat(utils): extend output format
2026-06-11 07:07:35 UTC | clean up
2026-06-11 07:08:22 UTC | small fix
2026-06-11 08:48:44 UTC | perf(logger): lazy load module
2026-06-11 10:34:03 UTC | refactor(auth): extract repeated block
2026-06-12 04:29:07 UTC | feat(validator): add type annotations
2026-06-12 04:30:55 UTC | docs(parser): add usage example
2026-06-12 08:48:26 UTC | style(validator): remove trailing whitespace
2026-06-12 08:49:50 UTC | docs(auth): update documentation
2026-06-12 13:31:35 UTC | docs(ui): clarify function purpose
2026-06-12 22:11:07 UTC | refactor(validator): simplify conditional logic
2026-06-12 22:13:04 UTC | minor tweaks
2026-06-12 23:37:40 UTC | cleanup
2026-06-13 06:15:39 UTC | feat(cache): extend output format
2026-06-13 17:34:00 UTC | update config
2026-06-13 21:08:32 UTC | perf(config): lazy load module
2026-06-14 06:43:08 UTC | tweaks
2026-06-15 04:29:03 UTC | style(cache): remove trailing whitespace
2026-06-15 07:31:42 UTC | fix(handler): fix incorrect regex
2026-06-15 12:58:11 UTC | update notes
2026-06-15 20:06:01 UTC | docs(config): update documentation
2026-06-15 20:06:41 UTC | chore(parser): update default values
2026-06-16 00:05:33 UTC | tidy up
2026-06-16 07:22:22 UTC | test(handler): fix flaky test
2026-06-16 07:24:18 UTC | style(cache): normalize spacing
2026-06-16 07:25:27 UTC | feat(auth): add utility helper
2026-06-16 11:44:46 UTC | docs(parser): add param descriptions
2026-06-16 11:46:30 UTC | quick fix
2026-06-16 11:47:37 UTC | hotfix
2026-06-16 15:51:51 UTC | feat(auth): add input sanitization
2026-06-16 20:03:06 UTC | refactor(utils): extract repeated block
2026-06-16 20:05:14 UTC | fix(config): add missing guard clause
2026-06-16 23:37:21 UTC | perf(api): cache repeated calls
2026-06-16 23:39:00 UTC | refactor(utils): refactor nested conditions
2026-06-17 09:45:16 UTC | docs(router): add usage example
2026-06-17 09:48:25 UTC | refactor(router): extract repeated block
2026-06-17 12:18:14 UTC | feat(router): add utility helper
2026-06-17 13:50:35 UTC | minor update
2026-06-18 07:00:19 UTC | quick fix
2026-06-18 09:17:25 UTC | chore(ui): routine maintenance
2026-06-18 18:25:28 UTC | fixes
2026-06-23 18:08:42 UTC | quick fix
2026-06-23 18:12:49 UTC | chore(utils): remove dead code
2026-06-23 23:27:42 UTC | feat(cache): extend functionality
2026-06-23 23:28:46 UTC | minor changes
2026-06-24 06:40:24 UTC | fix(handler): add missing guard clause
2026-06-24 10:54:32 UTC | perf(handler): cache repeated calls
2026-06-24 23:32:13 UTC | chore(auth): clean up unused code
2026-06-24 23:32:48 UTC | perf(ui): lazy load module
2026-06-25 06:41:56 UTC | fix(config): resolve edge case
2026-06-25 06:43:13 UTC | hotfix
2026-06-25 10:02:38 UTC | refactor(utils): extract repeated block
2026-06-25 12:48:27 UTC | style(validator): fix indentation issues
2026-06-25 16:55:32 UTC | minor fix
2026-06-25 16:58:06 UTC | update config
2026-06-25 20:03:11 UTC | test(logger): add missing assertions
2026-06-25 23:43:18 UTC | perf(api): lazy load module
2026-06-25 23:44:51 UTC | test(parser): update test fixtures
2026-06-26 06:29:56 UTC | hotfix
2026-06-26 06:31:33 UTC | update config
2026-06-26 10:07:15 UTC | fix(router): fix race condition
2026-06-26 10:08:49 UTC | docs(parser): update inline notes
2026-06-26 11:35:34 UTC | tweaks
2026-06-26 11:38:00 UTC | test(cache): add edge case tests
2026-06-26 11:41:21 UTC | fix(ui): add missing guard clause
2026-06-26 14:42:46 UTC | hotfix
2026-06-26 14:44:25 UTC | patch
2026-06-26 14:45:37 UTC | style(validator): consistent quotes
2026-06-26 14:47:49 UTC | tidy up
2026-06-26 21:30:35 UTC | docs(cache): update inline notes
2026-06-26 21:33:33 UTC | style(config): consistent quotes
2026-06-26 21:33:58 UTC | test(cache): update test fixtures
2026-06-28 08:11:18 UTC | tweaks
2026-06-28 09:09:30 UTC | refactor(handler): consolidate duplicate logic
2026-06-29 09:19:15 UTC | clean up
2026-06-29 11:09:42 UTC | hotfix
2026-06-29 21:52:56 UTC | perf(api): optimize query performance
2026-06-30 09:59:06 UTC | perf(utils): cache repeated calls
2026-06-30 12:40:41 UTC | minor fix
2026-06-30 14:18:30 UTC | test(auth): update test fixtures
2026-06-30 22:06:04 UTC | updates
2026-07-01 09:56:48 UTC | fix(api): resolve edge case
2026-07-01 09:59:52 UTC | fix(logger): add missing return
2026-07-01 13:00:00 UTC | fix(logger): fix race condition
2026-07-02 06:38:49 UTC | feat(logger): add retry logic
2026-07-02 09:16:14 UTC | quick fix
2026-07-02 14:01:57 UTC | refactor(parser): consolidate duplicate logic
2026-07-02 14:03:34 UTC | chore(db): remove dead code
2026-07-02 14:05:06 UTC | minor update
2026-07-02 16:03:52 UTC | test(handler): add missing assertions
2026-07-02 16:05:47 UTC | style(logger): fix indentation issues
2026-07-02 17:44:49 UTC | refactor(logger): extract repeated block
2026-07-03 03:21:54 UTC | test(validator): improve test coverage
2026-07-03 03:26:26 UTC | test(config): add integration test
2026-07-03 08:01:02 UTC | refactor(db): refactor nested conditions
2026-07-03 09:54:08 UTC | patch
2026-07-03 09:54:58 UTC | fix(router): add missing guard clause
2026-07-03 12:29:47 UTC | fix(auth): add missing guard clause
2026-07-03 19:40:16 UTC | test(db): fix flaky test
2026-07-03 19:45:09 UTC | test(db): improve test coverage
2026-07-03 23:33:30 UTC | wip
2026-07-04 09:11:33 UTC | fix(validator): fix broken flow
2026-07-04 09:13:15 UTC | test(ui): add missing assertions
2026-07-04 10:29:24 UTC | feat(handler): add retry logic
2026-07-04 10:30:11 UTC | fix(config): correct off-by-one error
2026-07-05 09:12:55 UTC | update config
2026-07-05 09:15:56 UTC | hotfix
2026-07-05 13:20:47 UTC | feat(handler): extend functionality
2026-07-06 11:00:28 UTC | update
2026-07-06 12:47:54 UTC | minor tweaks
2026-07-06 23:19:50 UTC | test(validator): update test fixtures
2026-07-07 06:16:56 UTC | docs(ui): update documentation
2026-07-07 07:57:40 UTC | tweaks
2026-07-07 10:06:15 UTC | docs(parser): update inline notes
2026-07-07 10:06:57 UTC | perf(db): improve response time
2026-07-07 18:15:24 UTC | feat(db): add input sanitization
2026-07-08 03:15:12 UTC | test(logger): improve test coverage
2026-07-08 06:44:22 UTC | perf(validator): optimize query performance
2026-07-08 06:44:45 UTC | fix(utils): fix incorrect regex
2026-07-08 06:45:02 UTC | docs(ui): add param descriptions
2026-07-08 09:03:29 UTC | hotfix
2026-07-08 09:05:04 UTC | refactor(handler): consolidate duplicate logic
2026-07-08 09:06:04 UTC | docs(cache): add usage example
2026-07-08 14:07:25 UTC | docs(validator): update inline notes
2026-07-08 16:08:52 UTC | update config
2026-07-08 17:55:40 UTC | tweaks
2026-07-09 03:33:17 UTC | quick fix
2026-07-09 06:07:50 UTC | perf(auth): improve response time
2026-07-09 06:09:22 UTC | test(cache): add missing assertions
2026-07-09 11:30:54 UTC | quick fix
2026-07-09 11:31:53 UTC | wip
2026-07-09 11:32:22 UTC | patch
2026-07-10 03:10:18 UTC | fixes
2026-07-10 05:56:26 UTC | perf(handler): optimize query performance
2026-07-10 05:57:37 UTC | feat(parser): add type annotations
2026-07-10 10:05:10 UTC | docs(utils): add usage example
2026-07-10 10:10:00 UTC | feat(api): add type annotations
2026-07-10 10:55:37 UTC | test(db): add integration test
2026-07-10 11:00:57 UTC | test(parser): update test fixtures
2026-07-10 19:31:42 UTC | refactor(config): rename variable for clarity
2026-07-10 19:33:21 UTC | wip
2026-07-10 19:35:16 UTC | refactor(logger): consolidate duplicate logic
2026-07-10 19:36:32 UTC | perf(api): improve response time
2026-07-11 11:24:39 UTC | patch
2026-07-11 14:47:52 UTC | update
2026-07-12 07:02:58 UTC | minor changes
2026-07-12 23:00:06 UTC | docs(ui): add usage example
2026-07-12 23:00:28 UTC | feat(parser): add type annotations
2026-07-13 03:08:57 UTC | chore(ui): update dependencies
2026-07-13 03:12:12 UTC | docs(handler): update inline notes
2026-07-13 07:03:27 UTC | update
2026-07-13 11:31:15 UTC | chore(router): update default values
2026-07-13 11:32:18 UTC | feat(router): extend output format
2026-07-13 12:34:56 UTC | feat(cache): add utility helper
2026-07-13 12:39:09 UTC | minor tweaks
2026-07-13 17:57:36 UTC | clean up
2026-07-14 02:53:29 UTC | feat(cache): add utility helper
2026-07-14 02:57:12 UTC | test(router): add edge case tests
2026-07-14 05:05:14 UTC | minor update
2026-07-14 05:07:00 UTC | chore(cache): update dependencies
2026-07-14 06:32:54 UTC | feat(handler): extend output format
2026-07-14 23:10:03 UTC | update notes
2026-07-14 23:11:26 UTC | minor tweaks
2026-07-15 02:25:25 UTC | minor fix
2026-07-15 05:13:31 UTC | style(api): consistent quotes
2026-07-15 05:16:29 UTC | chore(handler): remove dead code
2026-07-15 10:38:58 UTC | clean up
2026-07-15 10:39:33 UTC | chore(api): remove redundant check
2026-07-16 02:58:04 UTC | perf(parser): lazy load module
2026-07-16 05:33:42 UTC | fix(auth): patch broken validation
2026-07-16 08:24:26 UTC | perf(handler): trim unnecessary dependencies
2026-07-16 16:08:55 UTC | tidy up
2026-07-17 02:43:25 UTC | minor tweaks
2026-07-17 02:45:31 UTC | update
2026-07-17 05:15:25 UTC | style(validator): fix indentation issues
2026-07-17 05:16:16 UTC | feat(config): add retry logic
2026-07-17 06:36:19 UTC | chore(handler): remove redundant check
2026-07-17 06:39:34 UTC | refactor(logger): update interface contract
2026-07-17 13:41:21 UTC | chore(config): update dependencies
2026-07-17 13:42:43 UTC | feat(cache): extend output format
2026-07-17 13:45:32 UTC | fix(validator): handle null values
2026-07-17 15:38:46 UTC | update
2026-07-17 17:52:52 UTC | docs(ui): update inline notes
2026-07-17 17:53:43 UTC | perf(router): lazy load module
2026-07-18 08:16:22 UTC | chore(router): remove dead code
2026-07-19 20:49:22 UTC | test(validator): improve test coverage
2026-07-20 02:52:39 UTC | cleanup
2026-07-20 05:55:30 UTC | small fix
2026-07-20 06:57:57 UTC | clean up
2026-07-20 06:59:02 UTC | chore(parser): remove redundant check
2026-07-20 21:17:13 UTC | test(cache): add integration test
2026-07-21 03:05:56 UTC | fix(parser): patch broken validation
2026-07-21 08:47:40 UTC | minor fix
2026-07-21 21:40:42 UTC | test(router): improve test coverage
2026-07-22 03:16:12 UTC | perf(handler): lazy load module
2026-07-22 05:56:11 UTC | cleanup
2026-07-22 05:58:23 UTC | tidy up
2026-07-22 06:34:26 UTC | docs(logger): update documentation
2026-07-22 08:38:24 UTC | chore(validator): remove redundant check
2026-07-22 12:05:08 UTC | style(config): clean up formatting
2026-07-22 12:07:49 UTC | minor update
2026-07-23 08:35:41 UTC | fix(cache): fix broken flow
2026-07-23 12:27:41 UTC | chore(validator): update dependencies
2026-07-23 16:04:43 UTC | docs(parser): add usage example
2026-07-23 22:51:45 UTC | minor update
2026-07-23 22:52:20 UTC | minor tweaks
2026-07-23 22:54:01 UTC | tidy up
2026-07-24 05:55:44 UTC | fix typo
2026-07-24 05:56:55 UTC | fix(validator): fix incorrect regex
2026-07-24 05:59:25 UTC | cleanup
2026-07-24 06:00:45 UTC | update
2026-07-24 06:26:34 UTC | minor fix
2026-07-24 06:27:42 UTC | updates
2026-07-24 06:29:24 UTC | feat(cache): add input sanitization
2026-07-24 08:30:00 UTC | minor fix
2026-07-24 19:21:53 UTC | chore(logger): clean up unused code
2026-07-24 19:22:41 UTC | feat(config): add input sanitization
2026-07-24 19:24:04 UTC | fix(utils): fix race condition
2026-07-24 19:26:13 UTC | refactor(handler): rename variable for clarity
2026-07-24 19:28:52 UTC | fix(api): handle null values
2026-07-25 11:22:25 UTC | feat(handler): add retry logic
2026-07-27 07:44:20 UTC | minor update
2026-07-27 14:45:41 UTC | tweaks
2026-07-27 18:17:18 UTC | refactor(utils): extract repeated block
2026-07-28 06:58:21 UTC | test(cache): improve test coverage
2026-07-28 09:05:03 UTC | minor update
2026-07-28 11:13:59 UTC | minor changes
2026-07-28 13:39:57 UTC | feat(validator): add retry logic
2026-07-28 13:42:03 UTC | fix typo
2026-07-28 23:19:59 UTC | style(validator): normalize spacing
2026-07-28 23:20:42 UTC | patch
2026-07-29 05:46:51 UTC | update notes
2026-07-29 05:47:18 UTC | test(utils): improve test coverage
2026-07-29 06:47:37 UTC | tweaks
2026-07-29 08:49:30 UTC | test(router): update test fixtures
2026-07-29 10:47:56 UTC | perf(utils): lazy load module
2026-07-29 10:48:43 UTC | style(router): remove trailing whitespace
2026-07-30 02:44:28 UTC | refactor(auth): refactor nested conditions
2026-07-30 05:34:10 UTC | test(router): improve test coverage
2026-07-30 06:39:38 UTC | update notes
2026-07-30 10:45:33 UTC | perf(router): improve response time
2026-07-30 10:46:21 UTC | perf(cache): improve response time
2026-07-31 02:45:57 UTC | fix(validator): add missing guard clause
2026-07-31 02:49:55 UTC | chore(cache): remove dead code
2026-07-31 05:32:28 UTC | hotfix
2026-07-31 05:33:50 UTC | chore(logger): update dependencies
2026-07-31 09:14:39 UTC | feat(handler): add utility helper
2026-07-31 11:19:46 UTC | feat(handler): add retry logic
2026-07-31 12:32:15 UTC | style(config): improve readability
2026-07-31 12:34:23 UTC | chore(api): clean up unused code
2026-07-31 16:20:40 UTC | fix(db): patch broken validation
2026-07-31 17:28:03 UTC | minor changes
2026-07-31 17:32:39 UTC | refactor(config): refactor nested conditions
2026-08-01 06:47:56 UTC | minor changes
2026-08-01 06:49:40 UTC | docs(validator): add usage example
2026-08-01 08:56:47 UTC | docs(utils): add usage example
2026-08-01 10:40:49 UTC | style(ui): consistent quotes
2026-08-02 06:37:37 UTC | patch
2026-08-03 13:16:23 UTC | chore(cache): update dependencies
2026-08-03 13:17:58 UTC | chore(cache): clean up unused code
2026-08-03 13:19:30 UTC | style(api): remove trailing whitespace
2026-08-03 14:21:23 UTC | refactor(router): refactor nested conditions
2026-08-03 21:33:00 UTC | hotfix
2026-08-04 02:57:41 UTC | perf(config): reduce memory usage
2026-08-04 06:45:55 UTC | feat(logger): add new endpoint
2026-08-04 06:47:38 UTC | minor changes
2026-08-04 11:02:36 UTC | refactor(auth): rename variable for clarity
2026-08-04 17:55:30 UTC | tidy up
2026-08-04 19:42:09 UTC | minor changes
2026-08-05 02:38:52 UTC | refactor(api): update interface contract
2026-08-05 06:41:42 UTC | feat(api): add retry logic
2026-08-05 10:41:45 UTC | cleanup
2026-08-05 10:42:39 UTC | tidy up
2026-08-05 17:33:14 UTC | fix(utils): resolve edge case
2026-08-05 19:32:52 UTC | docs(handler): add param descriptions
2026-08-06 05:28:17 UTC | fix(api): correct off-by-one error
2026-08-06 06:59:02 UTC | fix(logger): handle null values
2026-08-06 11:07:02 UTC | style(db): clean up formatting
2026-08-06 12:03:21 UTC | docs(cache): add usage example
2026-08-06 14:07:36 UTC | wip
2026-08-07 01:13:44 UTC | docs(logger): add usage example
2026-08-07 01:15:20 UTC | minor fix
2026-08-07 01:19:36 UTC | style(db): normalize spacing
2026-08-07 02:46:35 UTC | fix(cache): correct off-by-one error
2026-08-07 02:53:29 UTC | quick fix
2026-08-07 05:00:48 UTC | tweaks
2026-08-07 09:29:27 UTC | minor tweaks
2026-08-07 09:30:16 UTC | feat(router): add new endpoint
2026-08-07 09:32:23 UTC | small fix
2026-08-07 11:04:01 UTC | chore(logger): routine maintenance
2026-08-07 11:08:29 UTC | docs(parser): add usage example
2026-08-07 13:22:41 UTC | update notes
2026-08-07 15:06:33 UTC | refactor(router): rename variable for clarity
2026-08-07 15:07:55 UTC | feat(auth): add new endpoint
2026-08-07 15:08:44 UTC | tidy up
2026-08-07 17:31:28 UTC | minor changes
2026-08-07 17:38:24 UTC | updates
2026-08-07 20:43:00 UTC | minor changes
2026-08-07 20:45:28 UTC | test(handler): add missing assertions
2026-08-09 20:41:39 UTC | fix(db): add missing return
2026-08-10 05:46:19 UTC | perf(handler): trim unnecessary dependencies
2026-08-10 05:47:12 UTC | wip
2026-08-11 07:15:25 UTC | fix typo
2026-08-11 07:16:54 UTC | docs(handler): clarify function purpose
2026-08-11 09:37:19 UTC | patch
2026-08-11 12:54:41 UTC | style(ui): normalize spacing
2026-08-12 04:42:18 UTC | fix(cache): fix incorrect regex
2026-08-13 04:30:20 UTC | update
2026-08-13 04:33:18 UTC | minor fix
2026-08-13 04:34:45 UTC | refactor(ui): rename variable for clarity
2026-08-13 12:47:44 UTC | test(handler): add edge case tests
2026-08-14 05:48:58 UTC | minor update
2026-08-14 05:49:46 UTC | small fix
2026-08-14 05:50:48 UTC | feat(ui): extend functionality
2026-08-14 05:52:03 UTC | minor update
2026-08-14 05:52:44 UTC | refactor(config): extract repeated block
2026-08-14 05:53:17 UTC | perf(parser): lazy load module
2026-08-14 07:38:28 UTC | style(utils): normalize spacing
2026-08-14 09:16:31 UTC | refactor(cache): consolidate duplicate logic
2026-08-14 09:19:26 UTC | chore(cache): update default values
2026-08-14 11:30:08 UTC | test(validator): add missing assertions
2026-08-14 13:12:59 UTC | refactor(api): consolidate duplicate logic
2026-08-14 13:14:15 UTC | feat(db): add retry logic
2026-08-14 18:45:44 UTC | fix(parser): fix incorrect regex
2026-08-14 18:46:28 UTC | test(handler): add edge case tests
2026-08-15 06:57:01 UTC | style(db): remove trailing whitespace
2026-08-16 07:09:40 UTC | feat(ui): add type annotations
2026-08-17 02:56:21 UTC | update
2026-08-17 05:11:07 UTC | perf(utils): cache repeated calls
2026-08-17 09:25:37 UTC | hotfix
2026-08-17 10:54:45 UTC | chore(handler): update default values
2026-08-17 12:26:13 UTC | fix(cache): fix broken flow
2026-08-18 01:33:09 UTC | test(cache): add missing assertions
2026-08-18 01:33:33 UTC | patch
2026-08-18 03:11:41 UTC | fix(validator): correct off-by-one error
2026-08-18 03:13:44 UTC | small update
2026-08-18 07:07:43 UTC | small fix
2026-08-18 08:41:06 UTC | clean up
2026-08-18 22:20:57 UTC | wip
2026-08-19 01:24:34 UTC | update config
2026-08-19 04:56:46 UTC | minor fix
2026-08-19 07:04:26 UTC | style(cache): clean up formatting
2026-08-19 07:04:53 UTC | docs(auth): clarify function purpose
2026-08-19 09:10:07 UTC | small update
2026-08-19 09:12:44 UTC | refactor(logger): simplify conditional logic
2026-08-19 11:06:01 UTC | updates
2026-08-19 11:08:14 UTC | patch
2026-08-20 03:20:58 UTC | chore(config): update dependencies
2026-08-20 07:19:09 UTC | refactor(validator): extract repeated block
2026-08-20 09:10:54 UTC | test(auth): add missing assertions
2026-08-20 10:41:57 UTC | chore(db): update default values
2026-08-20 10:42:57 UTC | fix(validator): resolve edge case
2026-08-21 03:01:27 UTC | chore(logger): remove dead code
2026-08-21 03:03:23 UTC | wip
2026-08-21 03:07:59 UTC | feat(validator): add retry logic
2026-08-21 05:05:13 UTC | refactor(ui): rename variable for clarity
2026-08-21 05:07:38 UTC | style(logger): improve readability
2026-08-21 07:09:42 UTC | hotfix
2026-08-21 07:10:56 UTC | fix(cache): handle null values
2026-08-21 07:12:33 UTC | update config
2026-08-21 09:19:22 UTC | small fix
2026-08-21 09:23:35 UTC | refactor(auth): extract repeated block
2026-08-21 10:40:15 UTC | refactor(ui): simplify conditional logic
2026-08-21 23:00:17 UTC | fix(cache): add missing guard clause
2026-08-21 23:03:54 UTC | feat(db): add input sanitization
2026-08-21 23:04:42 UTC | patch
2026-08-22 03:02:30 UTC | test(router): update test fixtures
2026-08-22 05:15:05 UTC | fix(auth): fix incorrect regex
2026-08-22 05:15:43 UTC | feat(utils): extend functionality
2026-08-22 18:31:56 UTC | update
2026-08-22 18:33:22 UTC | test(auth): add integration test
2026-08-23 03:05:52 UTC | test(router): add missing assertions
2026-08-23 09:04:06 UTC | update config
2026-08-24 14:39:09 UTC | cleanup
2026-08-24 14:39:40 UTC | docs(cache): add usage example
2026-08-24 14:40:24 UTC | update notes
2026-08-24 14:41:45 UTC | patch
2026-08-25 03:21:45 UTC | docs(db): clarify function purpose
2026-08-25 03:23:19 UTC | small update
2026-08-25 03:24:36 UTC | minor update
2026-08-25 08:51:19 UTC | update config
2026-08-25 08:52:33 UTC | chore(config): routine maintenance
2026-08-25 08:52:56 UTC | style(parser): consistent quotes
2026-08-25 10:58:15 UTC | chore(utils): update dependencies
2026-08-25 11:00:54 UTC | perf(router): cache repeated calls
2026-08-26 03:21:20 UTC | small fix
2026-08-26 07:22:01 UTC | fix(config): handle null values
2026-08-27 03:05:17 UTC | test(db): add edge case tests
2026-08-27 07:43:09 UTC | test(api): update test fixtures
2026-08-27 07:45:16 UTC | feat(router): add input sanitization
2026-08-27 12:21:51 UTC | clean up
2026-08-27 17:26:34 UTC | minor tweaks
2026-08-28 01:14:15 UTC | test(cache): improve test coverage
2026-08-28 02:09:28 UTC | perf(router): lazy load module
2026-08-28 02:10:43 UTC | small update
2026-08-28 06:27:47 UTC | small fix
2026-08-28 10:01:02 UTC | fixes
2026-08-28 10:02:45 UTC | refactor(validator): rename variable for clarity
2026-08-28 10:07:41 UTC | cleanup
2026-08-28 16:06:21 UTC | feat(parser): add input sanitization
2026-08-28 16:09:38 UTC | style(db): remove trailing whitespace
2026-08-28 16:11:19 UTC | patch
2026-08-28 20:17:15 UTC | minor update
2026-08-28 20:17:57 UTC | tweaks
2026-08-29 00:02:46 UTC | small fix
2026-08-29 00:58:34 UTC | tweaks
2026-08-29 03:17:38 UTC | perf(parser): cache repeated calls
2026-08-29 12:27:08 UTC | update
2026-08-29 12:28:43 UTC | fix(validator): fix incorrect regex
2026-08-31 08:23:50 UTC | fix(utils): add missing guard clause
2026-08-31 11:25:29 UTC | fix(router): handle null values
2026-08-31 17:59:19 UTC | quick fix
2026-09-01 01:15:13 UTC | chore(router): clean up unused code
2026-09-01 01:16:37 UTC | style(config): clean up formatting
2026-09-01 11:36:47 UTC | refactor(validator): update interface contract
2026-09-01 13:16:34 UTC | feat(config): add input sanitization
2026-09-01 15:57:10 UTC | updates
2026-09-01 18:12:01 UTC | refactor(parser): extract repeated block
2026-09-01 18:14:41 UTC | tweaks
2026-09-02 03:47:07 UTC | refactor(config): refactor nested conditions
2026-09-02 14:03:03 UTC | update notes
2026-09-02 19:37:48 UTC | small fix
2026-09-02 22:42:51 UTC | patch
2026-09-02 22:44:16 UTC | wip
2026-09-03 06:49:20 UTC | refactor(ui): rename variable for clarity
2026-09-03 11:20:30 UTC | fix(utils): correct off-by-one error
2026-09-03 11:23:13 UTC | update config
2026-09-03 13:08:40 UTC | docs(handler): update documentation
2026-09-03 13:11:14 UTC | feat(config): add utility helper
2026-09-04 03:42:06 UTC | refactor(handler): consolidate duplicate logic
2026-09-04 03:46:13 UTC | chore(handler): remove redundant check
2026-09-04 03:49:43 UTC | perf(logger): trim unnecessary dependencies
2026-09-04 07:09:25 UTC | docs(handler): clarify function purpose
2026-09-04 07:09:43 UTC | minor fix
2026-09-04 07:11:17 UTC | wip
2026-09-04 08:39:52 UTC | docs(auth): add usage example
2026-09-04 08:41:08 UTC | style(api): normalize spacing
2026-09-04 08:41:47 UTC | chore(handler): update default values
2026-09-04 08:43:49 UTC | test(logger): update test fixtures
2026-09-04 08:44:18 UTC | clean up
2026-09-04 08:45:47 UTC | docs(cache): update documentation
2026-09-04 11:16:53 UTC | docs(ui): update documentation
2026-09-04 14:17:35 UTC | style(utils): fix indentation issues
2026-09-04 14:19:08 UTC | perf(ui): trim unnecessary dependencies
2026-09-04 15:27:38 UTC | chore(ui): routine maintenance
2026-09-04 15:29:03 UTC | feat(ui): add new endpoint
2026-09-04 17:22:40 UTC | style(logger): consistent quotes
2026-09-05 06:38:57 UTC | update notes
2026-09-05 08:31:46 UTC | perf(api): lazy load module
2026-09-05 13:42:04 UTC | minor fix
2026-09-06 11:00:46 UTC | update notes
2026-09-06 18:12:53 UTC | test(config): add integration test
2026-09-07 06:50:29 UTC | chore(validator): clean up unused code
2026-09-07 06:53:55 UTC | style(validator): fix indentation issues
2026-09-07 09:30:45 UTC | wip
2026-09-07 12:21:54 UTC | perf(parser): trim unnecessary dependencies
2026-09-07 12:24:56 UTC | refactor(utils): consolidate duplicate logic
2026-09-07 15:40:22 UTC | quick fix
2026-09-07 15:40:49 UTC | style(utils): normalize spacing
2026-09-07 15:42:40 UTC | test(router): add missing assertions
2026-09-08 00:27:59 UTC | style(logger): consistent quotes
2026-09-08 09:15:37 UTC | fix(db): handle null values
2026-09-08 13:13:34 UTC | minor tweaks
2026-09-08 14:15:09 UTC | test(db): add edge case tests
2026-09-08 23:50:08 UTC | test(logger): update test fixtures
2026-09-08 23:51:36 UTC | small update
2026-09-09 07:07:10 UTC | update
2026-09-09 08:51:17 UTC | update config
2026-09-09 08:52:53 UTC | hotfix
2026-09-09 08:55:25 UTC | updates
2026-09-09 11:23:39 UTC | chore(ui): remove dead code
2026-09-09 13:31:13 UTC | docs(api): update documentation
2026-09-09 19:02:14 UTC | docs(ui): add usage example
2026-09-09 19:03:12 UTC | feat(validator): extend functionality
2026-09-09 19:04:02 UTC | clean up
2026-09-10 03:22:51 UTC | quick fix
2026-09-10 08:49:48 UTC | wip
2026-09-10 18:04:13 UTC | fix(cache): handle null values
2026-09-10 23:58:57 UTC | update
2026-09-11 03:47:16 UTC | updates
2026-09-11 07:17:24 UTC | test(router): add edge case tests
2026-09-11 07:18:45 UTC | clean up
2026-09-11 07:25:19 UTC | small fix
2026-09-11 08:55:05 UTC | hotfix
2026-09-11 08:59:25 UTC | wip
2026-09-11 09:00:45 UTC | updates
2026-09-11 13:01:22 UTC | chore(parser): remove redundant check
2026-09-11 14:47:28 UTC | hotfix
